src/server/aws.ts(1,58): error TS2307: Cannot find module '@aws-sdk/client-bedrock-runtime' or its corresponding type declarations.
